// Jest Snapshot v1, https://goo.gl/fbAQLP

exports[`Layout Component test render of Layout 1`] = `
<div>
  <div
    class="wrapper"
  >
    <nav>
      <h1>
        <a
          aria-current="page"
          class="active"
          href="/"
        >
          Math Magicians
        </a>
      </h1>
      <ul
        class="menu"
      >
        <li
          class="page-link"
        >
          <a
            aria-current="page"
            class="active"
            href="/"
          >
            Home
          </a>
        </li>
        <li
          class="page-link"
        >
          <a
            class=""
            href="/calculator"
          >
            Calculator
          </a>
        </li>
        <li
          class="page-link"
        >
          <a
            class=""
            href="/quote"
          >
            Quote
          </a>
        </li>
      </ul>
    </nav>
  </div>
</div>
`;
